2026-08-14 04:51:10,053 INFO watchdog armed: exits after 25 min with no records and no log activity
2026-08-14 04:51:10,109 INFO pentad: 6855 prompts, 596 seeds
2026-08-14 04:51:10,109 INFO === gemma-2-2b-it ===
2026-08-14 04:51:11,693 INFO Loading model: gemma-2-2b-it (google/gemma-2-2b-it) ...
2026-08-14 04:51:13,450 WARNING flash_attention_2 unavailable for gemma-2-2b-it (FlashAttention2 has been toggled on, but it cannot be used due to the following error: the package flash_attn seems to be not installed. Please refer to the doc); falling back to sdpa
Loading checkpoint shards:   0%|          | 0/2 [00:00<?, ?it/s]Loading checkpoint shards:  50%|█████     | 1/2 [00:01<00:01,  1.27s/it]Loading checkpoint shards: 100%|██████████| 2/2 [00:01<00:00,  1.51it/s]
2026-08-14 04:51:14,931 INFO   Model gemma-2-2b-it                       | attention impl: sdpa
2026-08-14 04:51:14,931 WARNING   WARNING: gemma-2-2b-it did not load with flash_attention_2 (got 'sdpa').
2026-08-14 04:51:14,931 INFO Model 'gemma-2-2b-it' loaded successfully.
2026-08-14 04:51:15,379 INFO Converting HF model 'google/gemma-2-2b-it' to HookedTransformer for CDVA patching ...
2026-08-14 04:52:05,299 INFO HookedTransformer for 'google/gemma-2-2b-it' cached (device=cuda:0).
2026-08-14 04:52:05,299 INFO gemma-2-2b-it: 26 layers via transformer_lens
2026-08-14 04:52:18,493 INFO gemma-2-2b-it controls: 77 units
2026-08-14 04:55:53,672 INFO gemma-2-2b-it mediation: 0 units
2026-08-14 04:55:53,723 INFO competence probe gemma-2-2b-it / hi on 230 determinate items
2026-08-14 04:56:18,798 INFO OSM gemma-2-2b-it: 104/230 prompts done (sample_index=0, batch_size=8).
2026-08-14 04:56:39,922 INFO OSM gemma-2-2b-it: 200/230 prompts done (sample_index=0, batch_size=8).
2026-08-14 04:56:47,725 INFO competence gemma-2-2b-it / hi: accuracy 0.391 below the 0.50 floor
2026-08-14 04:56:47,770 INFO competence probe gemma-2-2b-it / bn on 222 determinate items
2026-08-14 04:57:11,238 INFO OSM gemma-2-2b-it: 104/222 prompts done (sample_index=0, batch_size=8).
2026-08-14 04:57:32,549 INFO OSM gemma-2-2b-it: 200/222 prompts done (sample_index=0, batch_size=8).
2026-08-14 04:57:37,785 INFO competence gemma-2-2b-it / bn: accuracy 0.221 below the 0.50 floor
2026-08-14 04:57:37,785 INFO SKIP gemma-2-2b-it / hi: failed the language-competence probe: accuracy 0.391 below the 0.50 floor
2026-08-14 04:57:37,785 INFO SKIP gemma-2-2b-it / bn: failed the language-competence probe: accuracy 0.221 below the 0.50 floor
2026-08-14 04:57:37,786 INFO SKIP gemma-2-2b-it / hi behavioural: failed the language-competence probe: accuracy 0.391 below the 0.50 floor
2026-08-14 04:57:37,786 INFO SKIP gemma-2-2b-it / bn behavioural: failed the language-competence probe: accuracy 0.221 below the 0.50 floor
2026-08-14 04:57:37,995 INFO Model 'gemma-2-2b-it' unloaded and VRAM freed.
2026-08-14 04:57:37,996 INFO all requested tasks complete (1 of 1 models)
Loaded pretrained model google/gemma-2-2b-it into HookedTransformer
Moving model to device:  cuda
